// Jest Snapshot v1, https://goo.gl/fbAQLP

exports[`HttpStatus should match the snapshot 1`] = `
{
  "200": "ok",
  "201": "created",
  "400": "badRequest",
  "401": "unauthorized",
  "403": "forbidden",
  "404": "notFound",
  "409": "conflict",
  "500": "internalServerError",
  "badRequest": 400,
  "conflict": 409,
  "created": 201,
  "forbidden": 403,
  "internalServerError": 500,
  "notFound": 404,
  "ok": 200,
  "unauthorized": 401,
}
`;
